------------------------------------------------------------
TimeQuest Timing Analyzer Summary
------------------------------------------------------------

Type  : Slow 1100mV 85C Model Setup 'clock'
Slack : -2.890
TNS   : -47.769

Type  : Slow 1100mV 85C Model Hold 'clock'
Slack : 0.451
TNS   : 0.000

Type  : Slow 1100mV 85C Model Recovery 'clock'
Slack : -2.044
TNS   : -50.511

Type  : Slow 1100mV 85C Model Removal 'clock'
Slack : 1.089
TNS   : 0.000

Type  : Slow 1100mV 85C Model Minimum Pulse Width 'clock'
Slack : -0.538
TNS   : -19.333

Type  : Slow 1100mV 85C Model Minimum Pulse Width 'reset'
Slack : 0.185
TNS   : 0.000

Type  : Slow 1100mV 0C Model Setup 'clock'
Slack : -2.732
TNS   : -48.448

Type  : Slow 1100mV 0C Model Hold 'clock'
Slack : 0.456
TNS   : 0.000

Type  : Slow 1100mV 0C Model Recovery 'clock'
Slack : -1.814
TNS   : -44.839

Type  : Slow 1100mV 0C Model Removal 'clock'
Slack : 0.783
TNS   : 0.000

Type  : Slow 1100mV 0C Model Minimum Pulse Width 'clock'
Slack : -0.538
TNS   : -19.688

Type  : Slow 1100mV 0C Model Minimum Pulse Width 'reset'
Slack : 0.171
TNS   : 0.000

Type  : Fast 1100mV 85C Model Setup 'clock'
Slack : -1.382
TNS   : -8.749

Type  : Fast 1100mV 85C Model Hold 'clock'
Slack : 0.204
TNS   : 0.000

Type  : Fast 1100mV 85C Model Recovery 'clock'
Slack : -1.213
TNS   : -30.164

Type  : Fast 1100mV 85C Model Removal 'clock'
Slack : 0.351
TNS   : 0.000

Type  : Fast 1100mV 85C Model Minimum Pulse Width 'reset'
Slack : -0.114
TNS   : -0.227

Type  : Fast 1100mV 85C Model Minimum Pulse Width 'clock'
Slack : -0.090
TNS   : -2.177

Type  : Fast 1100mV 0C Model Setup 'clock'
Slack : -1.246
TNS   : -7.039

Type  : Fast 1100mV 0C Model Hold 'clock'
Slack : 0.192
TNS   : 0.000

Type  : Fast 1100mV 0C Model Recovery 'clock'
Slack : -1.029
TNS   : -25.585

Type  : Fast 1100mV 0C Model Removal 'clock'
Slack : 0.221
TNS   : 0.000

Type  : Fast 1100mV 0C Model Minimum Pulse Width 'clock'
Slack : -0.093
TNS   : -2.278

Type  : Fast 1100mV 0C Model Minimum Pulse Width 'reset'
Slack : -0.088
TNS   : -0.175

------------------------------------------------------------
