------------------------------------------------------------
TimeQuest Timing Analyzer Summary
------------------------------------------------------------

Type  : Slow 1100mV 85C Model Setup 'clock'
Slack : -3.158
TNS   : -79.468

Type  : Slow 1100mV 85C Model Hold 'clock'
Slack : 0.441
TNS   : 0.000

Type  : Slow 1100mV 85C Model Recovery 'clock'
Slack : -2.262
TNS   : -77.262

Type  : Slow 1100mV 85C Model Removal 'clock'
Slack : 1.171
TNS   : 0.000

Type  : Slow 1100mV 85C Model Minimum Pulse Width 'clock'
Slack : -0.538
TNS   : -26.965

Type  : Slow 1100mV 85C Model Minimum Pulse Width 'reset'
Slack : 0.251
TNS   : 0.000

Type  : Slow 1100mV 0C Model Setup 'clock'
Slack : -3.271
TNS   : -78.176

Type  : Slow 1100mV 0C Model Hold 'clock'
Slack : 0.446
TNS   : 0.000

Type  : Slow 1100mV 0C Model Recovery 'clock'
Slack : -2.066
TNS   : -70.683

Type  : Slow 1100mV 0C Model Removal 'clock'
Slack : 0.909
TNS   : 0.000

Type  : Slow 1100mV 0C Model Minimum Pulse Width 'clock'
Slack : -0.538
TNS   : -27.738

Type  : Slow 1100mV 0C Model Minimum Pulse Width 'reset'
Slack : 0.274
TNS   : 0.000

Type  : Fast 1100mV 85C Model Setup 'clock'
Slack : -1.439
TNS   : -19.082

Type  : Fast 1100mV 85C Model Hold 'clock'
Slack : 0.202
TNS   : 0.000

Type  : Fast 1100mV 85C Model Recovery 'clock'
Slack : -1.311
TNS   : -44.690

Type  : Fast 1100mV 85C Model Removal 'clock'
Slack : 0.378
TNS   : 0.000

Type  : Fast 1100mV 85C Model Minimum Pulse Width 'clock'
Slack : -0.100
TNS   : -3.242

Type  : Fast 1100mV 85C Model Minimum Pulse Width 'reset'
Slack : 0.001
TNS   : 0.000

Type  : Fast 1100mV 0C Model Setup 'clock'
Slack : -1.269
TNS   : -15.243

Type  : Fast 1100mV 0C Model Hold 'clock'
Slack : 0.188
TNS   : 0.000

Type  : Fast 1100mV 0C Model Recovery 'clock'
Slack : -1.107
TNS   : -37.835

Type  : Fast 1100mV 0C Model Removal 'clock'
Slack : 0.240
TNS   : 0.000

Type  : Fast 1100mV 0C Model Minimum Pulse Width 'clock'
Slack : -0.098
TNS   : -3.287

Type  : Fast 1100mV 0C Model Minimum Pulse Width 'reset'
Slack : 0.011
TNS   : 0.000

------------------------------------------------------------
