------------------------------------------------------------
TimeQuest Timing Analyzer Summary
------------------------------------------------------------

Type  : Slow 1100mV 85C Model Setup 'clock'
Slack : -3.098
TNS   : -89.822

Type  : Slow 1100mV 85C Model Hold 'clock'
Slack : 0.383
TNS   : 0.000

Type  : Slow 1100mV 85C Model Recovery 'clock'
Slack : -1.974
TNS   : -58.356

Type  : Slow 1100mV 85C Model Removal 'clock'
Slack : 1.186
TNS   : 0.000

Type  : Slow 1100mV 85C Model Minimum Pulse Width 'clock'
Slack : -0.538
TNS   : -23.178

Type  : Slow 1100mV 85C Model Minimum Pulse Width 'reset'
Slack : 0.374
TNS   : 0.000

Type  : Slow 1100mV 0C Model Setup 'clock'
Slack : -3.122
TNS   : -89.104

Type  : Slow 1100mV 0C Model Hold 'clock'
Slack : 0.240
TNS   : 0.000

Type  : Slow 1100mV 0C Model Recovery 'clock'
Slack : -1.782
TNS   : -52.620

Type  : Slow 1100mV 0C Model Removal 'clock'
Slack : 0.864
TNS   : 0.000

Type  : Slow 1100mV 0C Model Minimum Pulse Width 'clock'
Slack : -0.538
TNS   : -23.662

Type  : Slow 1100mV 0C Model Minimum Pulse Width 'reset'
Slack : 0.346
TNS   : 0.000

Type  : Fast 1100mV 85C Model Setup 'clock'
Slack : -1.392
TNS   : -29.055

Type  : Fast 1100mV 85C Model Hold 'clock'
Slack : 0.153
TNS   : 0.000

Type  : Fast 1100mV 85C Model Recovery 'clock'
Slack : -1.129
TNS   : -33.054

Type  : Fast 1100mV 85C Model Removal 'clock'
Slack : 0.365
TNS   : 0.000

Type  : Fast 1100mV 85C Model Minimum Pulse Width 'clock'
Slack : -0.094
TNS   : -2.615

Type  : Fast 1100mV 85C Model Minimum Pulse Width 'reset'
Slack : 0.030
TNS   : 0.000

Type  : Fast 1100mV 0C Model Setup 'clock'
Slack : -1.264
TNS   : -24.255

Type  : Fast 1100mV 0C Model Hold 'clock'
Slack : 0.138
TNS   : 0.000

Type  : Fast 1100mV 0C Model Recovery 'clock'
Slack : -0.944
TNS   : -27.656

Type  : Fast 1100mV 0C Model Removal 'clock'
Slack : 0.199
TNS   : 0.000

Type  : Fast 1100mV 0C Model Minimum Pulse Width 'clock'
Slack : -0.094
TNS   : -2.707

Type  : Fast 1100mV 0C Model Minimum Pulse Width 'reset'
Slack : 0.026
TNS   : 0.000

------------------------------------------------------------
