------------------------------------------------------------
TimeQuest Timing Analyzer Summary
------------------------------------------------------------

Type  : Slow 1100mV 85C Model Setup 'clock'
Slack : -1.961
TNS   : -45.096

Type  : Slow 1100mV 85C Model Hold 'clock'
Slack : 0.358
TNS   : 0.000

Type  : Slow 1100mV 85C Model Recovery 'clock'
Slack : -0.305
TNS   : -5.002

Type  : Slow 1100mV 85C Model Removal 'clock'
Slack : 0.694
TNS   : 0.000

Type  : Slow 1100mV 85C Model Minimum Pulse Width 'clock'
Slack : -0.538
TNS   : -35.062

Type  : Slow 1100mV 0C Model Setup 'clock'
Slack : -1.887
TNS   : -43.420

Type  : Slow 1100mV 0C Model Hold 'clock'
Slack : 0.343
TNS   : 0.000

Type  : Slow 1100mV 0C Model Recovery 'clock'
Slack : -0.244
TNS   : -4.088

Type  : Slow 1100mV 0C Model Removal 'clock'
Slack : 0.659
TNS   : 0.000

Type  : Slow 1100mV 0C Model Minimum Pulse Width 'clock'
Slack : -0.538
TNS   : -35.737

Type  : Fast 1100mV 85C Model Setup 'clock'
Slack : -0.300
TNS   : -3.696

Type  : Fast 1100mV 85C Model Hold 'clock'
Slack : 0.179
TNS   : 0.000

Type  : Fast 1100mV 85C Model Recovery 'clock'
Slack : 0.415
TNS   : 0.000

Type  : Fast 1100mV 85C Model Removal 'clock'
Slack : 0.313
TNS   : 0.000

Type  : Fast 1100mV 85C Model Minimum Pulse Width 'clock'
Slack : -0.093
TNS   : -3.976

Type  : Fast 1100mV 0C Model Setup 'clock'
Slack : -0.185
TNS   : -1.526

Type  : Fast 1100mV 0C Model Hold 'clock'
Slack : 0.161
TNS   : 0.000

Type  : Fast 1100mV 0C Model Recovery 'clock'
Slack : 0.457
TNS   : 0.000

Type  : Fast 1100mV 0C Model Removal 'clock'
Slack : 0.281
TNS   : 0.000

Type  : Fast 1100mV 0C Model Minimum Pulse Width 'clock'
Slack : -0.094
TNS   : -4.091

------------------------------------------------------------
